// Jest Snapshot v1, https://goo.gl/fbAQLP

exports[`Component: PostsList should match its snapshot with required props 1`] = `
<div
  className="posts-list"
>
  <Post
    key="8xf0y6ziyjabvozdd253nd"
    post={
      Object {
        "author": "thingtwo",
        "body": "Everyone says so after all.",
        "category": "react",
        "comments": Array [
          Object {
            "author": "thingtwo",
            "body": "Hi there! I am a COMMENT.",
            "deleted": false,
            "id": "894tuq4ut84ut8v4t8wun89g",
            "parentDeleted": false,
            "parentId": "8xf0y6ziyjabvozdd253nd",
            "timestamp": 1468166872634,
            "voteScore": 6,
          },
          Object {
            "author": "thingone",
            "body": "Comments. Are. Cool.",
            "deleted": false,
            "id": "8tu4bsun805n8un48ve89",
            "parentDeleted": false,
            "parentId": "8xf0y6ziyjabvozdd253nd",
            "timestamp": 1469479767190,
            "voteScore": -5,
          },
        ],
        "deleted": false,
        "id": "8xf0y6ziyjabvozdd253nd",
        "timestamp": 1467166872634,
        "title": "Udacity is the best place to learn React",
        "voteScore": 6,
      }
    }
  />
  <Post
    key="6ni6ok3ym7mf1p33lnez"
    post={
      Object {
        "author": "thingone",
        "body": "Just kidding. It takes more than 10 minutes to learn technology.",
        "category": "redux",
        "deleted": false,
        "id": "6ni6ok3ym7mf1p33lnez",
        "timestamp": 1468479767190,
        "title": "Learn Redux in 10 minutes!",
        "voteScore": -5,
      }
    }
  />
  <RoundButton
    backgroundImage="add.svg"
    className="add-post"
    size={50}
    type="primary"
  >
    Add a Post
  </RoundButton>
</div>
`;
