// Jest Snapshot v1, https://goo.gl/fbAQLP

exports[`Component: Category should match its snapshot with required props 1`] = `
<div
  className="category"
>
  React
</div>
`;
